OK synthetic_scenario_0.parquet: 256 rows -> 0 sequences
OK synthetic_scenario_1.parquet: 256 rows -> 0 sequences
OK synthetic_scenario_2.parquet: 256 rows -> 0 sequences
OK synthetic_scenario_3.parquet: 256 rows -> 0 sequences
OK synthetic_scenario_4.parquet: 256 rows -> 0 sequences
OK synthetic_scenario_5.parquet: 256 rows -> 0 sequences
train 0
val 0
test 0
{
  "reports": [
    {
      "file": "C:\\Users\\as030\\Downloads\\CYBERMIND_ONE_CLICK_128GB_PORTABLE\\multisource_audit\\CYBERMIND_REAL\\data\\recheck_intermediate\\synthetic_scenario_0.parquet",
      "rows": 256,
      "samples": 0,
      "source": "CIC-IDS2018",
      "source_file": "synthetic_scenario_0.parquet",
      "endpoint_method": "columns",
      "stage_method": "coarse_label_mapping"
    },
    {
      "file": "C:\\Users\\as030\\Downloads\\CYBERMIND_ONE_CLICK_128GB_PORTABLE\\multisource_audit\\CYBERMIND_REAL\\data\\recheck_intermediate\\synthetic_scenario_1.parquet",
      "rows": 256,
      "samples": 0,
      "source": "CIC-IDS2018",
      "source_file": "synthetic_scenario_1.parquet",
      "endpoint_method": "columns",
      "stage_method": "coarse_label_mapping"
    },
    {
      "file": "C:\\Users\\as030\\Downloads\\CYBERMIND_ONE_CLICK_128GB_PORTABLE\\multisource_audit\\CYBERMIND_REAL\\data\\recheck_intermediate\\synthetic_scenario_2.parquet",
      "rows": 256,
      "samples": 0,
      "source": "CIC-IDS2018",
      "source_file": "synthetic_scenario_2.parquet",
      "endpoint_method": "columns",
      "stage_method": "coarse_label_mapping"
    },
    {
      "file": "C:\\Users\\as030\\Downloads\\CYBERMIND_ONE_CLICK_128GB_PORTABLE\\multisource_audit\\CYBERMIND_REAL\\data\\recheck_intermediate\\synthetic_scenario_3.parquet",
      "rows": 256,
      "samples": 0,
      "source": "CIC-IDS2018",
      "source_file": "synthetic_scenario_3.parquet",
      "endpoint_method": "columns",
      "stage_method": "coarse_label_mapping"
    },
    {
      "file": "C:\\Users\\as030\\Downloads\\CYBERMIND_ONE_CLICK_128GB_PORTABLE\\multisource_audit\\CYBERMIND_REAL\\data\\recheck_intermediate\\synthetic_scenario_4.parquet",
      "rows": 256,
      "samples": 0,
      "source": "CIC-IDS2018",
      "source_file": "synthetic_scenario_4.parquet",
      "endpoint_method": "columns",
      "stage_method": "coarse_label_mapping"
    },
    {
      "file": "C:\\Users\\as030\\Downloads\\CYBERMIND_ONE_CLICK_128GB_PORTABLE\\multisource_audit\\CYBERMIND_REAL\\data\\recheck_intermediate\\synthetic_scenario_5.parquet",
      "rows": 256,
      "samples": 0,
      "source": "CIC-IDS2018",
      "source_file": "synthetic_scenario_5.parquet",
      "endpoint_method": "columns",
      "stage_method": "coarse_label_mapping"
    }
  ],
  "split_groups": {
    "train": [
      "<chronological-split>"
    ],
    "val": [
      "<chronological-split>"
    ],
    "test": [
      "<chronological-split>"
    ]
  },
  "num_sequences": 0
}
