D:\Abhinav\College\SIH\CYBERMIND_ONE_CLICK_128GB_PORTABLE\CYBERMIND_REAL\.venv\Lib\site-packages\torch\jit\_script.py:1485: FutureWarning: `torch.jit.script` is not supported in Python 3.14+ and may break. Please switch to `torch.compile` or `torch.export`.
  warnings.warn(
D:\Abhinav\College\SIH\CYBERMIND_ONE_CLICK_128GB_PORTABLE\CYBERMIND_REAL\src\cybermind\models\temporal_encoder.py:16: UserWarning: enable_nested_tensor is True, but self.use_nested_tensor is False because encoder_layer.norm_first was True
  self.encoder=nn.TransformerEncoder(layer,num_layers=layers,norm=nn.LayerNorm(model_dim))
{
  "checkpoint": "D:\\Abhinav\\College\\SIH\\CYBERMIND_ONE_CLICK_128GB_PORTABLE\\CYBERMIND_REAL\\examples\\phase3_root_cause\\crf_per_token\\checkpoints\\combined.pt",
  "selected_epoch": 1,
  "selection_metric": "val_f1",
  "device": "cuda",
  "rollout_steps": 4,
  "hard_masks_unchanged": true,
  "declared_forecast_resets": false,
  "transition_summary": {
    "stay_min": -0.003997036721557379,
    "stay_max": 0.0038968087173998356,
    "forward_min": -0.003977934829890728,
    "forward_max": 0.004003685899078846,
    "max_absolute": 0.004003685899078846
  },
  "per_step": [
    {
      "step": 1,
      "samples": 25,
      "distinct_non_unknown": 1,
      "unknown_count": 0,
      "illegal_count": 0,
      "decoded_histogram": {
        "1": 25
      },
      "raw_argmax_histogram": {
        "1": 25
      },
      "zero_transition_histogram": {
        "1": 25
      },
      "mean_logits": [
        0.30902552604675293,
        0.4338783323764801,
        -0.15482193231582642,
        -0.13599810004234314,
        0.16303424537181854,
        -0.2460644543170929,
        -0.12941262125968933
      ],
      "max_across_sample_logit_std": 0.0017885401612147689,
      "mean_margin": 0.12485278010368348,
      "mean_normalized_entropy": 0.9836935639381409,
      "passed": false
    },
    {
      "step": 2,
      "samples": 25,
      "distinct_non_unknown": 1,
      "unknown_count": 0,
      "illegal_count": 0,
      "decoded_histogram": {
        "1": 25
      },
      "raw_argmax_histogram": {
        "1": 25
      },
      "zero_transition_histogram": {
        "1": 25
      },
      "mean_logits": [
        0.42502033710479736,
        0.472829669713974,
        -0.17771577835083008,
        -0.20187625288963318,
        0.25738978385925293,
        -0.28208106756210327,
        -0.1806831806898117
      ],
      "max_across_sample_logit_std": 0.0026021592784672976,
      "mean_margin": 0.047809275388717654,
      "mean_normalized_entropy": 0.9757314729690552,
      "passed": false
    },
    {
      "step": 3,
      "samples": 25,
      "distinct_non_unknown": 1,
      "unknown_count": 0,
      "illegal_count": 0,
      "decoded_histogram": {
        "1": 25
      },
      "raw_argmax_histogram": {
        "0": 25
      },
      "zero_transition_histogram": {
        "1": 25
      },
      "mean_logits": [
        0.5745041370391846,
        0.5151937007904053,
        -0.20768481492996216,
        -0.2637920677661896,
        0.3676292300224304,
        -0.3243076205253601,
        -0.24317337572574615
      ],
      "max_across_sample_logit_std": 0.003133681369945407,
      "mean_margin": 0.05931055784225464,
      "mean_normalized_entropy": 0.9633584284782409,
      "passed": false
    },
    {
      "step": 4,
      "samples": 25,
      "distinct_non_unknown": 1,
      "unknown_count": 0,
      "illegal_count": 0,
      "decoded_histogram": {
        "1": 25
      },
      "raw_argmax_histogram": {
        "0": 25
      },
      "zero_transition_histogram": {
        "1": 25
      },
      "mean_logits": [
        0.7933401465415955,
        0.5619493126869202,
        -0.1973487287759781,
        -0.31658658385276794,
        0.5038677453994751,
        -0.3555655777454376,
        -0.3182705044746399
      ],
      "max_across_sample_logit_std": 0.0038195112720131874,
      "mean_margin": 0.2313908052444458,
      "mean_normalized_entropy": 0.9442528247833252,
      "passed": false
    }
  ],
  "all_steps_pass": false
}
