D:\Abhinav\College\SIH\CYBERMIND_ONE_CLICK_128GB_PORTABLE\CYBERMIND_REAL\.venv\Lib\site-packages\torch\jit\_script.py:1485: FutureWarning: `torch.jit.script` is not supported in Python 3.14+ and may break. Please switch to `torch.compile` or `torch.export`.
  warnings.warn(
D:\Abhinav\College\SIH\CYBERMIND_ONE_CLICK_128GB_PORTABLE\CYBERMIND_REAL\src\cybermind\models\temporal_encoder.py:16: UserWarning: enable_nested_tensor is True, but self.use_nested_tensor is False because encoder_layer.norm_first was True
  self.encoder=nn.TransformerEncoder(layer,num_layers=layers,norm=nn.LayerNorm(model_dim))
{
  "checkpoint": "D:\\Abhinav\\College\\SIH\\CYBERMIND_ONE_CLICK_128GB_PORTABLE\\CYBERMIND_REAL\\examples\\phase3_root_cause\\original_cuda\\checkpoints\\combined.pt",
  "selected_epoch": 1,
  "selection_metric": "val_f1",
  "device": "cuda",
  "rollout_steps": 4,
  "hard_masks_unchanged": true,
  "declared_forecast_resets": false,
  "transition_summary": {
    "stay_min": -0.003998627886176109,
    "stay_max": 0.003898987313732505,
    "forward_min": -0.003980337176471949,
    "forward_max": 0.004003274254500866,
    "max_absolute": 0.004003274254500866
  },
  "per_step": [
    {
      "step": 1,
      "samples": 25,
      "distinct_non_unknown": 1,
      "unknown_count": 0,
      "illegal_count": 0,
      "decoded_histogram": {
        "0": 25
      },
      "raw_argmax_histogram": {
        "1": 25
      },
      "zero_transition_histogram": {
        "1": 25
      },
      "mean_logits": [
        0.32040417194366455,
        0.4390847384929657,
        -0.15620730817317963,
        -0.1380607783794403,
        0.16718532145023346,
        -0.24849075078964233,
        -0.13088524341583252
      ],
      "max_across_sample_logit_std": 0.0017707732040435076,
      "mean_margin": 0.11868058204650879,
      "mean_normalized_entropy": 0.9831385588645936,
      "passed": false
    },
    {
      "step": 2,
      "samples": 25,
      "distinct_non_unknown": 1,
      "unknown_count": 0,
      "illegal_count": 0,
      "decoded_histogram": {
        "0": 25
      },
      "raw_argmax_histogram": {
        "1": 25
      },
      "zero_transition_histogram": {
        "1": 25
      },
      "mean_logits": [
        0.4448338449001312,
        0.48064786195755005,
        -0.17951399087905884,
        -0.20601803064346313,
        0.2628566324710846,
        -0.2865704298019409,
        -0.18256473541259766
      ],
      "max_across_sample_logit_std": 0.0025636672507971525,
      "mean_margin": 0.03581403493881226,
      "mean_normalized_entropy": 0.9745556664466858,
      "passed": false
    },
    {
      "step": 3,
      "samples": 25,
      "distinct_non_unknown": 1,
      "unknown_count": 0,
      "illegal_count": 0,
      "decoded_histogram": {
        "0": 25
      },
      "raw_argmax_histogram": {
        "0": 25
      },
      "zero_transition_histogram": {
        "1": 25
      },
      "mean_logits": [
        0.6019681096076965,
        0.5247811675071716,
        -0.21015311777591705,
        -0.2699805200099945,
        0.3730393946170807,
        -0.33134186267852783,
        -0.24613693356513977
      ],
      "max_across_sample_logit_std": 0.0030843813437968493,
      "mean_margin": 0.0771869421005249,
      "mean_normalized_entropy": 0.9613094282150269,
      "passed": false
    },
    {
      "step": 4,
      "samples": 25,
      "distinct_non_unknown": 1,
      "unknown_count": 0,
      "illegal_count": 0,
      "decoded_histogram": {
        "0": 25
      },
      "raw_argmax_histogram": {
        "0": 25
      },
      "zero_transition_histogram": {
        "1": 25
      },
      "mean_logits": [
        0.8271842002868652,
        0.5725845098495483,
        -0.2003704011440277,
        -0.32441651821136475,
        0.5076920986175537,
        -0.3649880290031433,
        -0.3232092559337616
      ],
      "max_across_sample_logit_std": 0.0038142839912325144,
      "mean_margin": 0.25459967613220214,
      "mean_normalized_entropy": 0.9410015940666199,
      "passed": false
    }
  ],
  "all_steps_pass": false
}
