D:\Abhinav\College\SIH\CYBERMIND_ONE_CLICK_128GB_PORTABLE\CYBERMIND_REAL\.venv\Lib\site-packages\torch\jit\_script.py:1485: FutureWarning: `torch.jit.script` is not supported in Python 3.14+ and may break. Please switch to `torch.compile` or `torch.export`.
  warnings.warn(
D:\Abhinav\College\SIH\CYBERMIND_ONE_CLICK_128GB_PORTABLE\CYBERMIND_REAL\src\cybermind\models\temporal_encoder.py:16: UserWarning: enable_nested_tensor is True, but self.use_nested_tensor is False because encoder_layer.norm_first was True
  self.encoder=nn.TransformerEncoder(layer,num_layers=layers,norm=nn.LayerNorm(model_dim))
{
  "checkpoint": "D:\\Abhinav\\College\\SIH\\CYBERMIND_ONE_CLICK_128GB_PORTABLE\\CYBERMIND_REAL\\examples\\phase3_root_cause\\original_frozen_cuda\\checkpoints\\combined.pt",
  "selected_epoch": 1,
  "selection_metric": "val_f1",
  "device": "cuda",
  "rollout_steps": 4,
  "hard_masks_unchanged": true,
  "declared_forecast_resets": false,
  "transition_summary": {
    "stay_min": -0.0163456778973341,
    "stay_max": 0.014087863266468048,
    "forward_min": -0.01830693706870079,
    "forward_max": 0.008084200322628021,
    "max_absolute": 0.01830693706870079
  },
  "per_step": [
    {
      "step": 1,
      "samples": 3,
      "distinct_non_unknown": 1,
      "unknown_count": 0,
      "illegal_count": 0,
      "decoded_histogram": {
        "0": 3
      },
      "raw_argmax_histogram": {
        "0": 3
      },
      "zero_transition_histogram": {
        "0": 3
      },
      "mean_logits": [
        2.080451250076294,
        -0.6629019379615784,
        0.38592827320098877,
        -0.6722815632820129,
        -1.1287734508514404,
        0.37878236174583435,
        -1.5581048727035522
      ],
      "max_across_sample_logit_std": 0.007373079191893339,
      "mean_margin": 1.6945228179295857,
      "mean_normalized_entropy": 0.6235407392183939,
      "passed": false
    },
    {
      "step": 2,
      "samples": 3,
      "distinct_non_unknown": 1,
      "unknown_count": 0,
      "illegal_count": 0,
      "decoded_histogram": {
        "0": 3
      },
      "raw_argmax_histogram": {
        "0": 3
      },
      "zero_transition_histogram": {
        "0": 3
      },
      "mean_logits": [
        2.415900468826294,
        -0.7134053111076355,
        0.44375374913215637,
        -0.8217060565948486,
        -1.3069180250167847,
        0.43297895789146423,
        -1.7950717210769653
      ],
      "max_across_sample_logit_std": 0.006689093541353941,
      "mean_margin": 1.9721467892328899,
      "mean_normalized_entropy": 0.5265781283378601,
      "passed": false
    },
    {
      "step": 3,
      "samples": 3,
      "distinct_non_unknown": 1,
      "unknown_count": 0,
      "illegal_count": 0,
      "decoded_histogram": {
        "0": 3
      },
      "raw_argmax_histogram": {
        "0": 3
      },
      "zero_transition_histogram": {
        "0": 3
      },
      "mean_logits": [
        2.7578656673431396,
        -0.7573174834251404,
        0.5061184763908386,
        -0.9689884185791016,
        -1.4703775644302368,
        0.4546428620815277,
        -1.9975064992904663
      ],
      "max_across_sample_logit_std": 0.006362977437674999,
      "mean_margin": 2.2517470518747964,
      "mean_normalized_entropy": 0.4339035451412201,
      "passed": false
    },
    {
      "step": 4,
      "samples": 3,
      "distinct_non_unknown": 1,
      "unknown_count": 0,
      "illegal_count": 0,
      "decoded_histogram": {
        "0": 3
      },
      "raw_argmax_histogram": {
        "0": 3
      },
      "zero_transition_histogram": {
        "0": 3
      },
      "mean_logits": [
        3.08819842338562,
        -0.7975096106529236,
        0.5664295554161072,
        -1.1202633380889893,
        -1.6471372842788696,
        0.5076848864555359,
        -2.218989849090576
      ],
      "max_across_sample_logit_std": 0.007443550042808056,
      "mean_margin": 2.521768649419149,
      "mean_normalized_entropy": 0.3552594482898712,
      "passed": false
    }
  ],
  "all_steps_pass": false
}
