D:\Abhinav\College\SIH\CYBERMIND_ONE_CLICK_128GB_PORTABLE\CYBERMIND_REAL\.phase01-venv\Lib\site-packages\torch\jit\_script.py:1491: FutureWarning: `torch.jit.script` is deprecated. Please switch to `torch.compile` or `torch.export`.
  warnings.warn(
D:\Abhinav\College\SIH\CYBERMIND_ONE_CLICK_128GB_PORTABLE\CYBERMIND_REAL\src\cybermind\models\temporal_encoder.py:16: UserWarning: enable_nested_tensor is True, but self.use_nested_tensor is False because encoder_layer.norm_first was True
  self.encoder=nn.TransformerEncoder(layer,num_layers=layers,norm=nn.LayerNorm(model_dim))
{
  "checkpoint": "D:\\Abhinav\\College\\SIH\\CYBERMIND_ONE_CLICK_128GB_PORTABLE\\CYBERMIND_REAL\\examples\\phase3_remediation\\lr_001_cpu\\checkpoints\\combined_last.pt",
  "selected_epoch": 100,
  "selection_metric": "val_f1",
  "device": "cpu",
  "rollout_steps": 4,
  "hard_masks_unchanged": true,
  "declared_forecast_resets": false,
  "transition_summary": {
    "stay_min": -0.07245542109012604,
    "stay_max": 0.0181077029556036,
    "forward_min": -0.04072083532810211,
    "forward_max": 0.03673558682203293,
    "max_absolute": 0.07245542109012604
  },
  "per_step": [
    {
      "step": 1,
      "samples": 25,
      "distinct_non_unknown": 1,
      "unknown_count": 0,
      "illegal_count": 0,
      "decoded_histogram": {
        "0": 25
      },
      "raw_argmax_histogram": {
        "0": 25
      },
      "zero_transition_histogram": {
        "0": 25
      },
      "mean_logits": [
        3.9082207679748535,
        2.9360620975494385,
        -2.796368360519409,
        -2.7700693607330322,
        -2.4844884872436523,
        -3.2618613243103027,
        -3.479034662246704
      ],
      "max_across_sample_logit_std": 0.0012025506002828479,
      "mean_margin": 0.972158613204956,
      "mean_normalized_entropy": 0.31738946557044984,
      "passed": false
    },
    {
      "step": 2,
      "samples": 25,
      "distinct_non_unknown": 1,
      "unknown_count": 0,
      "illegal_count": 0,
      "decoded_histogram": {
        "0": 25
      },
      "raw_argmax_histogram": {
        "0": 25
      },
      "zero_transition_histogram": {
        "0": 25
      },
      "mean_logits": [
        3.777588129043579,
        2.747751235961914,
        -2.743783473968506,
        -2.7125186920166016,
        -2.4006922245025635,
        -3.112642526626587,
        -3.3198304176330566
      ],
      "max_across_sample_logit_std": 0.0012150584952905774,
      "mean_margin": 1.0298369026184082,
      "mean_normalized_entropy": 0.31506961345672607,
      "passed": false
    },
    {
      "step": 3,
      "samples": 25,
      "distinct_non_unknown": 1,
      "unknown_count": 0,
      "illegal_count": 0,
      "decoded_histogram": {
        "0": 25
      },
      "raw_argmax_histogram": {
        "0": 25
      },
      "zero_transition_histogram": {
        "0": 25
      },
      "mean_logits": [
        3.5709874629974365,
        2.4976282119750977,
        -2.6456236839294434,
        -2.6155972480773926,
        -2.27260684967041,
        -2.8991920948028564,
        -3.0978760719299316
      ],
      "max_across_sample_logit_std": 0.0012949156807735562,
      "mean_margin": 1.0733597087860107,
      "mean_normalized_entropy": 0.3173800373077393,
      "passed": false
    },
    {
      "step": 4,
      "samples": 25,
      "distinct_non_unknown": 1,
      "unknown_count": 0,
      "illegal_count": 0,
      "decoded_histogram": {
        "0": 25
      },
      "raw_argmax_histogram": {
        "0": 25
      },
      "zero_transition_histogram": {
        "0": 25
      },
      "mean_logits": [
        3.268418550491333,
        2.1742377281188965,
        -2.4810378551483154,
        -2.469877004623413,
        -2.0939176082611084,
        -2.6089837551116943,
        -2.806591510772705
      ],
      "max_across_sample_logit_std": 0.0014701428590342402,
      "mean_margin": 1.0941812229156493,
      "mean_normalized_entropy": 0.3290969550609589,
      "passed": false
    }
  ],
  "all_steps_pass": false
}
