D:\Abhinav\College\SIH\CYBERMIND_ONE_CLICK_128GB_PORTABLE\CYBERMIND_REAL\.phase01-venv\Lib\site-packages\torch\jit\_script.py:1491: FutureWarning: `torch.jit.script` is deprecated. Please switch to `torch.compile` or `torch.export`.
  warnings.warn(
D:\Abhinav\College\SIH\CYBERMIND_ONE_CLICK_128GB_PORTABLE\CYBERMIND_REAL\src\cybermind\models\temporal_encoder.py:16: UserWarning: enable_nested_tensor is True, but self.use_nested_tensor is False because encoder_layer.norm_first was True
  self.encoder=nn.TransformerEncoder(layer,num_layers=layers,norm=nn.LayerNorm(model_dim))
{
  "checkpoint": "D:\\Abhinav\\College\\SIH\\CYBERMIND_ONE_CLICK_128GB_PORTABLE\\CYBERMIND_REAL\\examples\\phase3_remediation\\normalization_off100\\checkpoints\\combined.pt",
  "selected_epoch": 2,
  "selection_metric": "val_f1",
  "device": "cpu",
  "rollout_steps": 4,
  "hard_masks_unchanged": true,
  "declared_forecast_resets": false,
  "transition_summary": {
    "stay_min": -0.007965488359332085,
    "stay_max": 0.007720102556049824,
    "forward_min": -0.007916520349681377,
    "forward_max": 0.007779997307807207,
    "max_absolute": 0.007965488359332085
  },
  "per_step": [
    {
      "step": 1,
      "samples": 25,
      "distinct_non_unknown": 1,
      "unknown_count": 0,
      "illegal_count": 0,
      "decoded_histogram": {
        "1": 25
      },
      "raw_argmax_histogram": {
        "1": 25
      },
      "zero_transition_histogram": {
        "1": 25
      },
      "mean_logits": [
        0.38708534836769104,
        0.5418433547019958,
        0.03750566393136978,
        -0.19516578316688538,
        -0.09111476689577103,
        -0.42515820264816284,
        -0.36259621381759644
      ],
      "max_across_sample_logit_std": 0.0007255421951413155,
      "mean_margin": 0.15475805401802062,
      "mean_normalized_entropy": 0.9687854075431823,
      "passed": false
    },
    {
      "step": 2,
      "samples": 25,
      "distinct_non_unknown": 1,
      "unknown_count": 0,
      "illegal_count": 0,
      "decoded_histogram": {
        "1": 25
      },
      "raw_argmax_histogram": {
        "1": 25
      },
      "zero_transition_histogram": {
        "1": 25
      },
      "mean_logits": [
        0.43632420897483826,
        0.530923068523407,
        0.021583199501037598,
        -0.22292037308216095,
        -0.09534633904695511,
        -0.43940433859825134,
        -0.35509955883026123
      ],
      "max_across_sample_logit_std": 0.0009044032776728272,
      "mean_margin": 0.09459887504577637,
      "mean_normalized_entropy": 0.9669355320930481,
      "passed": false
    },
    {
      "step": 3,
      "samples": 25,
      "distinct_non_unknown": 1,
      "unknown_count": 0,
      "illegal_count": 0,
      "decoded_histogram": {
        "1": 25
      },
      "raw_argmax_histogram": {
        "1": 25
      },
      "zero_transition_histogram": {
        "1": 25
      },
      "mean_logits": [
        0.4900680482387543,
        0.5194383859634399,
        -0.03682153671979904,
        -0.22707435488700867,
        -0.06706275045871735,
        -0.4476938545703888,
        -0.3600158393383026
      ],
      "max_across_sample_logit_std": 0.0010327438358217478,
      "mean_margin": 0.02937030792236328,
      "mean_normalized_entropy": 0.9648660063743592,
      "passed": false
    },
    {
      "step": 4,
      "samples": 25,
      "distinct_non_unknown": 1,
      "unknown_count": 0,
      "illegal_count": 0,
      "decoded_histogram": {
        "1": 25
      },
      "raw_argmax_histogram": {
        "0": 25
      },
      "zero_transition_histogram": {
        "1": 25
      },
      "mean_logits": [
        0.5419809222221375,
        0.47856441140174866,
        -0.0477738082408905,
        -0.2237536460161209,
        -0.0476752370595932,
        -0.4614904820919037,
        -0.3636338710784912
      ],
      "max_across_sample_logit_std": 0.001148870913311839,
      "mean_margin": 0.063416508436203,
      "mean_normalized_entropy": 0.9639751577377319,
      "passed": false
    }
  ],
  "all_steps_pass": false
}
