D:\Abhinav\College\SIH\CYBERMIND_ONE_CLICK_128GB_PORTABLE\CYBERMIND_REAL\.phase01-venv\Lib\site-packages\torch\jit\_script.py:1491: FutureWarning: `torch.jit.script` is deprecated. Please switch to `torch.compile` or `torch.export`.
  warnings.warn(
D:\Abhinav\College\SIH\CYBERMIND_ONE_CLICK_128GB_PORTABLE\CYBERMIND_REAL\src\cybermind\models\temporal_encoder.py:16: UserWarning: enable_nested_tensor is True, but self.use_nested_tensor is False because encoder_layer.norm_first was True
  self.encoder=nn.TransformerEncoder(layer,num_layers=layers,norm=nn.LayerNorm(model_dim))
{
  "checkpoint": "D:\\Abhinav\\College\\SIH\\CYBERMIND_ONE_CLICK_128GB_PORTABLE\\CYBERMIND_REAL\\examples\\phase3_remediation\\lr_003_cpu\\checkpoints\\combined_last.pt",
  "selected_epoch": 100,
  "selection_metric": "val_f1",
  "device": "cpu",
  "rollout_steps": 4,
  "hard_masks_unchanged": true,
  "declared_forecast_resets": false,
  "transition_summary": {
    "stay_min": -0.5559446215629578,
    "stay_max": -0.051319707185029984,
    "forward_min": -0.06777825951576233,
    "forward_max": 0.03662901371717453,
    "max_absolute": 0.5559446215629578
  },
  "per_step": [
    {
      "step": 1,
      "samples": 25,
      "distinct_non_unknown": 1,
      "unknown_count": 0,
      "illegal_count": 0,
      "decoded_histogram": {
        "0": 25
      },
      "raw_argmax_histogram": {
        "0": 25
      },
      "zero_transition_histogram": {
        "0": 25
      },
      "mean_logits": [
        4.558718204498291,
        3.449326515197754,
        -4.327490329742432,
        -4.4578633308410645,
        -3.7193427085876465,
        -4.343362331390381,
        -4.767806529998779
      ],
      "max_across_sample_logit_std": 0.0006287500145845115,
      "mean_margin": 1.1093919372558594,
      "mean_normalized_entropy": 0.29054469108581543,
      "passed": false
    },
    {
      "step": 2,
      "samples": 25,
      "distinct_non_unknown": 1,
      "unknown_count": 0,
      "illegal_count": 0,
      "decoded_histogram": {
        "0": 25
      },
      "raw_argmax_histogram": {
        "0": 25
      },
      "zero_transition_histogram": {
        "0": 25
      },
      "mean_logits": [
        4.480949878692627,
        3.183695077896118,
        -4.215662956237793,
        -4.361010551452637,
        -3.5976035594940186,
        -4.212020397186279,
        -4.596067905426025
      ],
      "max_across_sample_logit_std": 0.0006494473200291395,
      "mean_margin": 1.2972544097900391,
      "mean_normalized_entropy": 0.27062100887298585,
      "passed": false
    },
    {
      "step": 3,
      "samples": 25,
      "distinct_non_unknown": 1,
      "unknown_count": 0,
      "illegal_count": 0,
      "decoded_histogram": {
        "0": 25
      },
      "raw_argmax_histogram": {
        "0": 25
      },
      "zero_transition_histogram": {
        "0": 25
      },
      "mean_logits": [
        4.392613410949707,
        2.9050729274749756,
        -4.095353126525879,
        -4.253931999206543,
        -3.4645276069641113,
        -4.068751335144043,
        -4.4122114181518555
      ],
      "max_across_sample_logit_std": 0.0006731124012731016,
      "mean_margin": 1.4875400066375732,
      "mean_normalized_entropy": 0.24984857618808745,
      "passed": false
    },
    {
      "step": 4,
      "samples": 25,
      "distinct_non_unknown": 1,
      "unknown_count": 0,
      "illegal_count": 0,
      "decoded_histogram": {
        "0": 25
      },
      "raw_argmax_histogram": {
        "0": 25
      },
      "zero_transition_histogram": {
        "0": 25
      },
      "mean_logits": [
        4.2926025390625,
        2.6126434803009033,
        -3.9628021717071533,
        -4.136580944061279,
        -3.3214292526245117,
        -3.9133124351501465,
        -4.215623378753662
      ],
      "max_across_sample_logit_std": 0.0007004509097896516,
      "mean_margin": 1.6799594497680663,
      "mean_normalized_entropy": 0.22898221671581268,
      "passed": false
    }
  ],
  "all_steps_pass": false
}
