D:\Abhinav\College\SIH\CYBERMIND_ONE_CLICK_128GB_PORTABLE\CYBERMIND_REAL\.phase01-venv\Lib\site-packages\torch\jit\_script.py:1491: FutureWarning: `torch.jit.script` is deprecated. Please switch to `torch.compile` or `torch.export`.
  warnings.warn(
D:\Abhinav\College\SIH\CYBERMIND_ONE_CLICK_128GB_PORTABLE\CYBERMIND_REAL\src\cybermind\models\temporal_encoder.py:16: UserWarning: enable_nested_tensor is True, but self.use_nested_tensor is False because encoder_layer.norm_first was True
  self.encoder=nn.TransformerEncoder(layer,num_layers=layers,norm=nn.LayerNorm(model_dim))
{
  "checkpoint": "D:\\Abhinav\\College\\SIH\\CYBERMIND_ONE_CLICK_128GB_PORTABLE\\CYBERMIND_REAL\\examples\\phase3_remediation\\class_weighted100\\checkpoints\\combined_last.pt",
  "selected_epoch": 100,
  "selection_metric": "val_f1",
  "device": "cpu",
  "rollout_steps": 4,
  "hard_masks_unchanged": true,
  "declared_forecast_resets": false,
  "transition_summary": {
    "stay_min": -0.08530893921852112,
    "stay_max": 0.03285365179181099,
    "forward_min": -0.04005350545048714,
    "forward_max": 0.022019468247890472,
    "max_absolute": 0.08530893921852112
  },
  "per_step": [
    {
      "step": 1,
      "samples": 25,
      "distinct_non_unknown": 1,
      "unknown_count": 0,
      "illegal_count": 0,
      "decoded_histogram": {
        "0": 25
      },
      "raw_argmax_histogram": {
        "0": 25
      },
      "zero_transition_histogram": {
        "0": 25
      },
      "mean_logits": [
        3.8920087814331055,
        3.262465476989746,
        -2.836024284362793,
        -2.758904457092285,
        -2.412322759628296,
        -3.164576530456543,
        -3.460629463195801
      ],
      "max_across_sample_logit_std": 0.0009042161400429904,
      "mean_margin": 0.6295432376861573,
      "mean_normalized_entropy": 0.3464945995807648,
      "passed": false
    },
    {
      "step": 2,
      "samples": 25,
      "distinct_non_unknown": 1,
      "unknown_count": 0,
      "illegal_count": 0,
      "decoded_histogram": {
        "0": 25
      },
      "raw_argmax_histogram": {
        "0": 25
      },
      "zero_transition_histogram": {
        "0": 25
      },
      "mean_logits": [
        3.801135778427124,
        3.0631227493286133,
        -2.7793352603912354,
        -2.716780185699463,
        -2.336354970932007,
        -3.054373264312744,
        -3.332151412963867
      ],
      "max_across_sample_logit_std": 0.0009948976803570986,
      "mean_margin": 0.7380128669738769,
      "mean_normalized_entropy": 0.3408311402797699,
      "passed": false
    },
    {
      "step": 3,
      "samples": 25,
      "distinct_non_unknown": 1,
      "unknown_count": 0,
      "illegal_count": 0,
      "decoded_histogram": {
        "0": 25
      },
      "raw_argmax_histogram": {
        "0": 25
      },
      "zero_transition_histogram": {
        "0": 25
      },
      "mean_logits": [
        3.640573501586914,
        2.804962158203125,
        -2.682847261428833,
        -2.63893461227417,
        -2.224292755126953,
        -2.8882274627685547,
        -3.1480472087860107
      ],
      "max_across_sample_logit_std": 0.0011086424347013235,
      "mean_margin": 0.8356114101409912,
      "mean_normalized_entropy": 0.3376981234550476,
      "passed": false
    },
    {
      "step": 4,
      "samples": 25,
      "distinct_non_unknown": 1,
      "unknown_count": 0,
      "illegal_count": 0,
      "decoded_histogram": {
        "0": 25
      },
      "raw_argmax_histogram": {
        "0": 25
      },
      "zero_transition_histogram": {
        "0": 25
      },
      "mean_logits": [
        3.3962695598602295,
        2.483682155609131,
        -2.532803535461426,
        -2.5200412273406982,
        -2.0755343437194824,
        -2.6587438583374023,
        -2.905827045440674
      ],
      "max_across_sample_logit_std": 0.0012175700394436717,
      "mean_margin": 0.9125875568389893,
      "mean_normalized_entropy": 0.3407371723651886,
      "passed": false
    }
  ],
  "all_steps_pass": false
}
