D:\Abhinav\College\SIH\CYBERMIND_ONE_CLICK_128GB_PORTABLE\CYBERMIND_REAL\.phase01-venv\Lib\site-packages\torch\jit\_script.py:1491: FutureWarning: `torch.jit.script` is deprecated. Please switch to `torch.compile` or `torch.export`.
  warnings.warn(
D:\Abhinav\College\SIH\CYBERMIND_ONE_CLICK_128GB_PORTABLE\CYBERMIND_REAL\src\cybermind\models\temporal_encoder.py:16: UserWarning: enable_nested_tensor is True, but self.use_nested_tensor is False because encoder_layer.norm_first was True
  self.encoder=nn.TransformerEncoder(layer,num_layers=layers,norm=nn.LayerNorm(model_dim))
{
  "checkpoint": "D:\\Abhinav\\College\\SIH\\CYBERMIND_ONE_CLICK_128GB_PORTABLE\\CYBERMIND_REAL\\examples\\phase3_remediation\\class_weighted100\\checkpoints\\combined.pt",
  "selected_epoch": 1,
  "selection_metric": "val_f1",
  "device": "cpu",
  "rollout_steps": 4,
  "hard_masks_unchanged": true,
  "declared_forecast_resets": false,
  "transition_summary": {
    "stay_min": -0.003999269101768732,
    "stay_max": 0.003899198956787586,
    "forward_min": -0.003982430323958397,
    "forward_max": 0.004002997186034918,
    "max_absolute": 0.004002997186034918
  },
  "per_step": [
    {
      "step": 1,
      "samples": 25,
      "distinct_non_unknown": 1,
      "unknown_count": 0,
      "illegal_count": 0,
      "decoded_histogram": {
        "1": 25
      },
      "raw_argmax_histogram": {
        "1": 25
      },
      "zero_transition_histogram": {
        "1": 25
      },
      "mean_logits": [
        0.2853010892868042,
        0.4643874764442444,
        -0.12705405056476593,
        -0.1373874694108963,
        0.153431236743927,
        -0.2467733919620514,
        -0.13280752301216125
      ],
      "max_across_sample_logit_std": 0.0018599090399220586,
      "mean_margin": 0.17908639788627626,
      "mean_normalized_entropy": 0.9833417224884033,
      "passed": false
    },
    {
      "step": 2,
      "samples": 25,
      "distinct_non_unknown": 1,
      "unknown_count": 0,
      "illegal_count": 0,
      "decoded_histogram": {
        "1": 25
      },
      "raw_argmax_histogram": {
        "1": 25
      },
      "zero_transition_histogram": {
        "1": 25
      },
      "mean_logits": [
        0.38028624653816223,
        0.49835821986198425,
        -0.15637648105621338,
        -0.1922653168439865,
        0.25715574622154236,
        -0.2821558117866516,
        -0.1597086489200592
      ],
      "max_across_sample_logit_std": 0.0026649266947060823,
      "mean_margin": 0.11807195425033569,
      "mean_normalized_entropy": 0.9768642401695251,
      "passed": false
    },
    {
      "step": 3,
      "samples": 25,
      "distinct_non_unknown": 1,
      "unknown_count": 0,
      "illegal_count": 0,
      "decoded_histogram": {
        "1": 25
      },
      "raw_argmax_histogram": {
        "1": 25
      },
      "zero_transition_histogram": {
        "1": 25
      },
      "mean_logits": [
        0.4913809895515442,
        0.5388808250427246,
        -0.19551438093185425,
        -0.23958055675029755,
        0.3896411657333374,
        -0.31891170144081116,
        -0.22200460731983185
      ],
      "max_across_sample_logit_std": 0.003267912659794092,
      "mean_margin": 0.0474998939037323,
      "mean_normalized_entropy": 0.9665952467918396,
      "passed": false
    },
    {
      "step": 4,
      "samples": 25,
      "distinct_non_unknown": 1,
      "unknown_count": 0,
      "illegal_count": 0,
      "decoded_histogram": {
        "1": 25
      },
      "raw_argmax_histogram": {
        "0": 25
      },
      "zero_transition_histogram": {
        "1": 25
      },
      "mean_logits": [
        0.6434059143066406,
        0.5629249811172485,
        -0.18128272891044617,
        -0.30543941259384155,
        0.49942338466644287,
        -0.3664747476577759,
        -0.30074137449264526
      ],
      "max_across_sample_logit_std": 0.003652903251349926,
      "mean_margin": 0.08048094749450684,
      "mean_normalized_entropy": 0.953249728679657,
      "passed": false
    }
  ],
  "all_steps_pass": false
}
