{'capture_records': 250000, 'ipv4_packets_processed': 248806, 'non_ipv4': 1194}
{'capture_records': 500000, 'ipv4_packets_processed': 497870, 'non_ipv4': 2130}
{'capture_records': 750000, 'ipv4_packets_processed': 747848, 'non_ipv4': 2152}
{'capture_records': 1000000, 'ipv4_packets_processed': 997826, 'non_ipv4': 2174}
{'capture_records': 1250000, 'ipv4_packets_processed': 1247804, 'non_ipv4': 2196}
{'capture_records': 1500000, 'ipv4_packets_processed': 1497784, 'non_ipv4': 2216}
{'capture_records': 1750000, 'ipv4_packets_processed': 1747762, 'non_ipv4': 2238}
{'capture_records': 2000000, 'ipv4_packets_processed': 1997738, 'non_ipv4': 2262}
{'capture_records': 2250000, 'ipv4_packets_processed': 2247718, 'non_ipv4': 2282}
{'capture_records': 2500000, 'ipv4_packets_processed': 2497696, 'non_ipv4': 2304}
{'capture_records': 2750000, 'ipv4_packets_processed': 2747676, 'non_ipv4': 2324}
{'capture_records': 3000000, 'ipv4_packets_processed': 2997652, 'non_ipv4': 2348}
{'capture_records': 3250000, 'ipv4_packets_processed': 3247630, 'non_ipv4': 2370}
{'capture_records': 3500000, 'ipv4_packets_processed': 3497610, 'non_ipv4': 2390}
{'capture_records': 3750000, 'ipv4_packets_processed': 3747588, 'non_ipv4': 2412}
{'capture_records': 4000000, 'ipv4_packets_processed': 3997564, 'non_ipv4': 2436}
{'capture_records': 4250000, 'ipv4_packets_processed': 4247544, 'non_ipv4': 2456}
{'capture_records': 4500000, 'ipv4_packets_processed': 4497522, 'non_ipv4': 2478}
Traceback (most recent call last):
  File "D:\Abhinav\College\SIH\CYBERMIND_ONE_CLICK_128GB_PORTABLE\CYBERMIND_REAL\scripts\regenerate_join_day.py", line 7, in <module>
    result=regenerate(ROOT/'data/raw/CIC-IDS-2018/one_day_2018-02-14/UCAP172.31.69.25.pcap',ROOT/'data/one_day_join/events.parquet',ROOT/'examples/one_day_join/regeneration.json')
           ^^^^^^^^^^^^^^^^^^^^^^^^^^^^^^^^^^^^^^^^^^^^^^^^^^^^^^^^^^^^^^^^^^^^^^^^^^^^^^^^^^^^^^^^^^^^^^^^^^^^^^^^^^^^^^^^^^^^^^^^^^^^^^^^^^^^^^^^^^^^^^^^^^^^^^^^^^^^^^^^^^^^^^^^
  File "D:\Abhinav\College\SIH\CYBERMIND_ONE_CLICK_128GB_PORTABLE\CYBERMIND_REAL\src\cybermind\data\cic_day.py", line 114, in regenerate
    for p in packets(path):
             ^^^^^^^^^^^^^
  File "D:\Abhinav\College\SIH\CYBERMIND_ONE_CLICK_128GB_PORTABLE\CYBERMIND_REAL\src\cybermind\data\cic_day.py", line 44, in packets
    if len(raw)!=length:raise ValueError('Truncated PCAP record')
                        ^^^^^^^^^^^^^^^^^^^^^^^^^^^^^^^^^^^^^^^^^
ValueError: Truncated PCAP record
