D:\Abhinav\College\SIH\CYBERMIND_ONE_CLICK_128GB_PORTABLE\CYBERMIND_REAL\.phase01-venv\Lib\site-packages\torch\jit\_script.py:1491: FutureWarning: `torch.jit.script` is deprecated. Please switch to `torch.compile` or `torch.export`.
  warnings.warn(
D:\Abhinav\College\SIH\CYBERMIND_ONE_CLICK_128GB_PORTABLE\CYBERMIND_REAL\src\cybermind\models\temporal_encoder.py:16: UserWarning: enable_nested_tensor is True, but self.use_nested_tensor is False because encoder_layer.norm_first was True
  self.encoder=nn.TransformerEncoder(layer,num_layers=layers,norm=nn.LayerNorm(model_dim))
{
  "checkpoint": "D:\\Abhinav\\College\\SIH\\CYBERMIND_ONE_CLICK_128GB_PORTABLE\\CYBERMIND_REAL\\examples\\phase3_remediation\\frozen_exposure100\\checkpoints\\combined.pt",
  "selected_epoch": 1,
  "selection_metric": "val_f1",
  "device": "cpu",
  "rollout_steps": 4,
  "hard_masks_unchanged": true,
  "declared_forecast_resets": false,
  "transition_summary": {
    "stay_min": -0.016129661351442337,
    "stay_max": 0.014347638003528118,
    "forward_min": -0.018288224935531616,
    "forward_max": 0.008088654838502407,
    "max_absolute": 0.018288224935531616
  },
  "per_step": [
    {
      "step": 1,
      "samples": 3,
      "distinct_non_unknown": 1,
      "unknown_count": 0,
      "illegal_count": 0,
      "decoded_histogram": {
        "0": 3
      },
      "raw_argmax_histogram": {
        "0": 3
      },
      "zero_transition_histogram": {
        "0": 3
      },
      "mean_logits": [
        2.1887075901031494,
        -0.6408651471138,
        0.42498651146888733,
        -0.738791286945343,
        -1.064671277999878,
        0.4050837457180023,
        -1.5634937286376953
      ],
      "max_across_sample_logit_std": 0.007454529870301485,
      "mean_margin": 1.763721227645874,
      "mean_normalized_entropy": 0.5999486247698466,
      "passed": false
    },
    {
      "step": 2,
      "samples": 3,
      "distinct_non_unknown": 1,
      "unknown_count": 0,
      "illegal_count": 0,
      "decoded_histogram": {
        "0": 3
      },
      "raw_argmax_histogram": {
        "0": 3
      },
      "zero_transition_histogram": {
        "0": 3
      },
      "mean_logits": [
        2.539415121078491,
        -0.7089722752571106,
        0.45970094203948975,
        -0.9055668711662292,
        -1.212480068206787,
        0.4708898961544037,
        -1.7985354661941528
      ],
      "max_across_sample_logit_std": 0.006701289210468531,
      "mean_margin": 2.0685251553853354,
      "mean_normalized_entropy": 0.4987153311570485,
      "passed": false
    },
    {
      "step": 3,
      "samples": 3,
      "distinct_non_unknown": 1,
      "unknown_count": 0,
      "illegal_count": 0,
      "decoded_histogram": {
        "0": 3
      },
      "raw_argmax_histogram": {
        "0": 3
      },
      "zero_transition_histogram": {
        "0": 3
      },
      "mean_logits": [
        2.884963035583496,
        -0.7575454115867615,
        0.5103065967559814,
        -1.0385419130325317,
        -1.3741456270217896,
        0.5210224986076355,
        -2.0189907550811768
      ],
      "max_across_sample_logit_std": 0.006029403302818537,
      "mean_margin": 2.363940397898356,
      "mean_normalized_entropy": 0.4085391163825989,
      "passed": false
    },
    {
      "step": 4,
      "samples": 3,
      "distinct_non_unknown": 1,
      "unknown_count": 0,
      "illegal_count": 0,
      "decoded_histogram": {
        "0": 3
      },
      "raw_argmax_histogram": {
        "0": 3
      },
      "zero_transition_histogram": {
        "0": 3
      },
      "mean_logits": [
        3.150585174560547,
        -0.7926213145256042,
        0.5426455736160278,
        -1.1359699964523315,
        -1.499621033668518,
        0.5573756098747253,
        -2.2085258960723877
      ],
      "max_across_sample_logit_std": 0.007723974529653788,
      "mean_margin": 2.5932095050811768,
      "mean_normalized_entropy": 0.345957616964976,
      "passed": false
    }
  ],
  "all_steps_pass": false
}
