D:\Abhinav\College\SIH\CYBERMIND_ONE_CLICK_128GB_PORTABLE\CYBERMIND_REAL\.phase01-venv\Lib\site-packages\torch\jit\_script.py:1491: FutureWarning: `torch.jit.script` is deprecated. Please switch to `torch.compile` or `torch.export`.
  warnings.warn(
D:\Abhinav\College\SIH\CYBERMIND_ONE_CLICK_128GB_PORTABLE\CYBERMIND_REAL\src\cybermind\models\temporal_encoder.py:16: UserWarning: enable_nested_tensor is True, but self.use_nested_tensor is False because encoder_layer.norm_first was True
  self.encoder=nn.TransformerEncoder(layer,num_layers=layers,norm=nn.LayerNorm(model_dim))
{
  "checkpoint": "D:\\Abhinav\\College\\SIH\\CYBERMIND_ONE_CLICK_128GB_PORTABLE\\CYBERMIND_REAL\\examples\\phase3_remediation\\lr_01_cpu\\checkpoints\\combined.pt",
  "selected_epoch": 1,
  "selection_metric": "val_f1",
  "device": "cpu",
  "rollout_steps": 4,
  "hard_masks_unchanged": true,
  "declared_forecast_resets": false,
  "transition_summary": {
    "stay_min": -0.03902522847056389,
    "stay_max": 0.03823018819093704,
    "forward_min": -0.039060018956661224,
    "forward_max": 0.03495505079627037,
    "max_absolute": 0.039060018956661224
  },
  "per_step": [
    {
      "step": 1,
      "samples": 25,
      "distinct_non_unknown": 1,
      "unknown_count": 0,
      "illegal_count": 0,
      "decoded_histogram": {
        "0": 25
      },
      "raw_argmax_histogram": {
        "0": 25
      },
      "zero_transition_histogram": {
        "0": 25
      },
      "mean_logits": [
        2.5537636280059814,
        1.2691237926483154,
        -0.8773844838142395,
        -1.272449016571045,
        -0.9060421586036682,
        -1.4680901765823364,
        -2.0571188926696777
      ],
      "max_across_sample_logit_std": 0.0011246592039242387,
      "mean_margin": 1.284639639854431,
      "mean_normalized_entropy": 0.45637031555175783,
      "passed": false
    },
    {
      "step": 2,
      "samples": 25,
      "distinct_non_unknown": 1,
      "unknown_count": 0,
      "illegal_count": 0,
      "decoded_histogram": {
        "0": 25
      },
      "raw_argmax_histogram": {
        "0": 25
      },
      "zero_transition_histogram": {
        "0": 25
      },
      "mean_logits": [
        3.036911725997925,
        1.496509075164795,
        -1.0310090780258179,
        -1.5445153713226318,
        -1.0268867015838623,
        -1.7376707792282104,
        -2.433072090148926
      ],
      "max_across_sample_logit_std": 0.000807801668997854,
      "mean_margin": 1.5404030752182007,
      "mean_normalized_entropy": 0.3577700173854828,
      "passed": false
    },
    {
      "step": 3,
      "samples": 25,
      "distinct_non_unknown": 1,
      "unknown_count": 0,
      "illegal_count": 0,
      "decoded_histogram": {
        "0": 25
      },
      "raw_argmax_histogram": {
        "0": 25
      },
      "zero_transition_histogram": {
        "0": 25
      },
      "mean_logits": [
        3.4343926906585693,
        1.747786283493042,
        -1.3646184206008911,
        -1.8401188850402832,
        -1.2001700401306152,
        -1.9732540845870972,
        -2.877650737762451
      ],
      "max_across_sample_logit_std": 0.0007083332166075706,
      "mean_margin": 1.6866064023971559,
      "mean_normalized_entropy": 0.2943031394481659,
      "passed": false
    },
    {
      "step": 4,
      "samples": 25,
      "distinct_non_unknown": 1,
      "unknown_count": 0,
      "illegal_count": 0,
      "decoded_histogram": {
        "0": 25
      },
      "raw_argmax_histogram": {
        "0": 25
      },
      "zero_transition_histogram": {
        "0": 25
      },
      "mean_logits": [
        3.874626874923706,
        1.7933974266052246,
        -1.520841121673584,
        -2.013310194015503,
        -1.3777254819869995,
        -2.1789963245391846,
        -3.225726366043091
      ],
      "max_across_sample_logit_std": 0.000795868516433984,
      "mean_margin": 2.081229610443115,
      "mean_normalized_entropy": 0.2243960803747177,
      "passed": false
    }
  ],
  "all_steps_pass": false
}
