D:\Abhinav\College\SIH\CYBERMIND_ONE_CLICK_128GB_PORTABLE\CYBERMIND_REAL\.phase01-venv\Lib\site-packages\torch\jit\_script.py:1491: FutureWarning: `torch.jit.script` is deprecated. Please switch to `torch.compile` or `torch.export`.
  warnings.warn(
D:\Abhinav\College\SIH\CYBERMIND_ONE_CLICK_128GB_PORTABLE\CYBERMIND_REAL\src\cybermind\models\temporal_encoder.py:16: UserWarning: enable_nested_tensor is True, but self.use_nested_tensor is False because encoder_layer.norm_first was True
  self.encoder=nn.TransformerEncoder(layer,num_layers=layers,norm=nn.LayerNorm(model_dim))
{
  "checkpoint": "D:\\Abhinav\\College\\SIH\\CYBERMIND_ONE_CLICK_128GB_PORTABLE\\CYBERMIND_REAL\\examples\\phase3_remediation\\lr_01_cpu\\checkpoints\\combined_last.pt",
  "selected_epoch": 100,
  "selection_metric": "val_f1",
  "device": "cpu",
  "rollout_steps": 4,
  "hard_masks_unchanged": true,
  "declared_forecast_resets": false,
  "transition_summary": {
    "stay_min": -2.328321933746338,
    "stay_max": -0.11261042952537537,
    "forward_min": -0.6310969591140747,
    "forward_max": -0.11543255299329758,
    "max_absolute": 2.4301037788391113
  },
  "per_step": [
    {
      "step": 1,
      "samples": 25,
      "distinct_non_unknown": 1,
      "unknown_count": 0,
      "illegal_count": 0,
      "decoded_histogram": {
        "0": 25
      },
      "raw_argmax_histogram": {
        "0": 25
      },
      "zero_transition_histogram": {
        "0": 25
      },
      "mean_logits": [
        1.5155047178268433,
        0.3447343707084656,
        -8.680159568786621,
        -8.39689826965332,
        -8.268548965454102,
        -8.664046287536621,
        -9.017302513122559
      ],
      "max_across_sample_logit_std": 1.5690606232965365e-05,
      "mean_margin": 1.1707702589035034,
      "mean_normalized_entropy": 0.2821169805526733,
      "passed": false
    },
    {
      "step": 2,
      "samples": 25,
      "distinct_non_unknown": 1,
      "unknown_count": 0,
      "illegal_count": 0,
      "decoded_histogram": {
        "0": 25
      },
      "raw_argmax_histogram": {
        "0": 25
      },
      "zero_transition_histogram": {
        "0": 25
      },
      "mean_logits": [
        1.5139994621276855,
        0.3441638648509979,
        -8.672082901000977,
        -8.388664245605469,
        -8.260551452636719,
        -8.655391693115234,
        -9.00859546661377
      ],
      "max_across_sample_logit_std": 1.5714238543296233e-05,
      "mean_margin": 1.169835615158081,
      "mean_normalized_entropy": 0.2822261929512024,
      "passed": false
    },
    {
      "step": 3,
      "samples": 25,
      "distinct_non_unknown": 1,
      "unknown_count": 0,
      "illegal_count": 0,
      "decoded_histogram": {
        "0": 25
      },
      "raw_argmax_histogram": {
        "0": 25
      },
      "zero_transition_histogram": {
        "0": 25
      },
      "mean_logits": [
        1.5138418674468994,
        0.3439689576625824,
        -8.670295715332031,
        -8.387290954589844,
        -8.259117126464844,
        -8.654021263122559,
        -9.006980895996094
      ],
      "max_across_sample_logit_std": 1.6149466318893246e-05,
      "mean_margin": 1.1698730278015137,
      "mean_normalized_entropy": 0.2822234606742859,
      "passed": false
    },
    {
      "step": 4,
      "samples": 25,
      "distinct_non_unknown": 1,
      "unknown_count": 0,
      "illegal_count": 0,
      "decoded_histogram": {
        "0": 25
      },
      "raw_argmax_histogram": {
        "0": 25
      },
      "zero_transition_histogram": {
        "0": 25
      },
      "mean_logits": [
        1.5126142501831055,
        0.34323784708976746,
        -8.661009788513184,
        -8.378900527954102,
        -8.25083065032959,
        -8.645535469055176,
        -8.997367858886719
      ],
      "max_across_sample_logit_std": 1.609576247574296e-05,
      "mean_margin": 1.169376335144043,
      "mean_normalized_entropy": 0.2822853517532349,
      "passed": false
    }
  ],
  "all_steps_pass": false
}
