D:\Abhinav\College\SIH\CYBERMIND_ONE_CLICK_128GB_PORTABLE\CYBERMIND_REAL\.phase01-venv\Lib\site-packages\torch\jit\_script.py:1491: FutureWarning: `torch.jit.script` is deprecated. Please switch to `torch.compile` or `torch.export`.
  warnings.warn(
D:\Abhinav\College\SIH\CYBERMIND_ONE_CLICK_128GB_PORTABLE\CYBERMIND_REAL\src\cybermind\models\temporal_encoder.py:16: UserWarning: enable_nested_tensor is True, but self.use_nested_tensor is False because encoder_layer.norm_first was True
  self.encoder=nn.TransformerEncoder(layer,num_layers=layers,norm=nn.LayerNorm(model_dim))
{
  "checkpoint": "D:\\Abhinav\\College\\SIH\\CYBERMIND_ONE_CLICK_128GB_PORTABLE\\CYBERMIND_REAL\\examples\\phase3_third_round\\extended200\\checkpoints\\combined.pt",
  "selected_epoch": 185,
  "selection_metric": "val_f1_stage_band",
  "device": "cpu",
  "rollout_steps": 4,
  "hard_masks_unchanged": true,
  "declared_forecast_resets": false,
  "transition_summary": {
    "stay_min": -0.22686460614204407,
    "stay_max": -0.01337604783475399,
    "forward_min": -0.05390677973628044,
    "forward_max": 0.08471483737230301,
    "max_absolute": 0.22686460614204407
  },
  "per_step": [
    {
      "step": 1,
      "samples": 25,
      "distinct_non_unknown": 2,
      "unknown_count": 0,
      "illegal_count": 0,
      "decoded_histogram": {
        "0": 19,
        "1": 6
      },
      "raw_argmax_histogram": {
        "0": 19,
        "1": 6
      },
      "zero_transition_histogram": {
        "0": 19,
        "1": 6
      },
      "mean_logits": [
        4.396263599395752,
        0.027633272111415863,
        -3.192483425140381,
        -2.8719851970672607,
        -2.53456711769104,
        -2.5436668395996094,
        -3.367938756942749
      ],
      "max_across_sample_logit_std": 2.757570743560791,
      "mean_margin": 5.425802850723267,
      "mean_normalized_entropy": 0.05493726032786071,
      "passed": true
    },
    {
      "step": 2,
      "samples": 25,
      "distinct_non_unknown": 2,
      "unknown_count": 0,
      "illegal_count": 0,
      "decoded_histogram": {
        "0": 19,
        "1": 6
      },
      "raw_argmax_histogram": {
        "0": 19,
        "1": 6
      },
      "zero_transition_histogram": {
        "0": 19,
        "1": 6
      },
      "mean_logits": [
        3.2899506092071533,
        1.809818148612976,
        -3.323977470397949,
        -2.6029927730560303,
        -2.436319589614868,
        -2.400604724884033,
        -3.1803276538848877
      ],
      "max_across_sample_logit_std": 7.702330589294434,
      "mean_margin": 8.74264910697937,
      "mean_normalized_entropy": 0.0658011709688708,
      "passed": true
    },
    {
      "step": 3,
      "samples": 25,
      "distinct_non_unknown": 2,
      "unknown_count": 0,
      "illegal_count": 0,
      "decoded_histogram": {
        "1": 13,
        "0": 12
      },
      "raw_argmax_histogram": {
        "1": 13,
        "0": 12
      },
      "zero_transition_histogram": {
        "1": 13,
        "0": 12
      },
      "mean_logits": [
        0.4951571524143219,
        8.116328239440918,
        -4.731914520263672,
        -2.4286603927612305,
        -3.0587830543518066,
        -2.4201056957244873,
        -3.387383222579956
      ],
      "max_across_sample_logit_std": 18.090919494628906,
      "mean_margin": 16.341223583221435,
      "mean_normalized_entropy": 0.0032105017482537018,
      "passed": true
    },
    {
      "step": 4,
      "samples": 25,
      "distinct_non_unknown": 2,
      "unknown_count": 0,
      "illegal_count": 0,
      "decoded_histogram": {
        "1": 13,
        "0": 12
      },
      "raw_argmax_histogram": {
        "1": 13,
        "0": 12
      },
      "zero_transition_histogram": {
        "1": 13,
        "0": 12
      },
      "mean_logits": [
        -1.2052916288375854,
        14.054389953613281,
        -6.836429595947266,
        -2.7181713581085205,
        -4.0331711769104,
        -3.0411429405212402,
        -4.340452194213867
      ],
      "max_across_sample_logit_std": 24.970436096191406,
      "mean_margin": 24.435955772399904,
      "mean_normalized_entropy": 0.0007317857927856152,
      "passed": true
    }
  ],
  "all_steps_pass": true
}
