D:\Abhinav\College\SIH\CYBERMIND_ONE_CLICK_128GB_PORTABLE\CYBERMIND_REAL\.phase01-venv\Lib\site-packages\torch\jit\_script.py:1491: FutureWarning: `torch.jit.script` is deprecated. Please switch to `torch.compile` or `torch.export`.
  warnings.warn(
D:\Abhinav\College\SIH\CYBERMIND_ONE_CLICK_128GB_PORTABLE\CYBERMIND_REAL\src\cybermind\models\temporal_encoder.py:16: UserWarning: enable_nested_tensor is True, but self.use_nested_tensor is False because encoder_layer.norm_first was True
  self.encoder=nn.TransformerEncoder(layer,num_layers=layers,norm=nn.LayerNorm(model_dim))
{
  "checkpoint": "D:\\Abhinav\\College\\SIH\\CYBERMIND_ONE_CLICK_128GB_PORTABLE\\CYBERMIND_REAL\\examples\\phase3_third_round\\extended200\\checkpoints\\combined_last.pt",
  "selected_epoch": 200,
  "selection_metric": "val_f1_stage_band",
  "device": "cpu",
  "rollout_steps": 4,
  "hard_masks_unchanged": true,
  "declared_forecast_resets": false,
  "transition_summary": {
    "stay_min": -0.23060224950313568,
    "stay_max": -0.014259256422519684,
    "forward_min": -0.05403020977973938,
    "forward_max": 0.08691228181123734,
    "max_absolute": 0.23060224950313568
  },
  "per_step": [
    {
      "step": 1,
      "samples": 25,
      "distinct_non_unknown": 1,
      "unknown_count": 0,
      "illegal_count": 0,
      "decoded_histogram": {
        "0": 25
      },
      "raw_argmax_histogram": {
        "0": 25
      },
      "zero_transition_histogram": {
        "0": 25
      },
      "mean_logits": [
        5.360228061676025,
        -1.7935463190078735,
        -3.0868959426879883,
        -3.0066463947296143,
        -2.436540126800537,
        -2.4913368225097656,
        -3.4003920555114746
      ],
      "max_across_sample_logit_std": 1.7939250469207764,
      "mean_margin": 6.748325567245484,
      "mean_normalized_entropy": 0.04108977253548801,
      "passed": false
    },
    {
      "step": 2,
      "samples": 25,
      "distinct_non_unknown": 2,
      "unknown_count": 0,
      "illegal_count": 0,
      "decoded_histogram": {
        "0": 22,
        "1": 3
      },
      "raw_argmax_histogram": {
        "0": 22,
        "1": 3
      },
      "zero_transition_histogram": {
        "0": 22,
        "1": 3
      },
      "mean_logits": [
        6.441929817199707,
        -3.8845531940460205,
        -3.1838762760162354,
        -3.0409090518951416,
        -2.3129050731658936,
        -2.4268991947174072,
        -3.484093427658081
      ],
      "max_across_sample_logit_std": 3.840928316116333,
      "mean_margin": 7.734515352249145,
      "mean_normalized_entropy": 0.08686274826643058,
      "passed": true
    },
    {
      "step": 3,
      "samples": 25,
      "distinct_non_unknown": 2,
      "unknown_count": 0,
      "illegal_count": 0,
      "decoded_histogram": {
        "0": 19,
        "1": 6
      },
      "raw_argmax_histogram": {
        "0": 19,
        "1": 6
      },
      "zero_transition_histogram": {
        "0": 19,
        "1": 6
      },
      "mean_logits": [
        7.944091796875,
        -5.409000873565674,
        -4.123848915100098,
        -3.5462770462036133,
        -2.7480852603912354,
        -2.748837471008301,
        -4.12953519821167
      ],
      "max_across_sample_logit_std": 8.025797843933105,
      "mean_margin": 12.439440193176269,
      "mean_normalized_entropy": 0.0008256238746798772,
      "passed": true
    },
    {
      "step": 4,
      "samples": 25,
      "distinct_non_unknown": 2,
      "unknown_count": 0,
      "illegal_count": 0,
      "decoded_histogram": {
        "0": 19,
        "1": 6
      },
      "raw_argmax_histogram": {
        "0": 19,
        "1": 6
      },
      "zero_transition_histogram": {
        "0": 19,
        "1": 6
      },
      "mean_logits": [
        9.285208702087402,
        -5.527668476104736,
        -5.570532321929932,
        -4.280338764190674,
        -3.5753073692321777,
        -3.336869239807129,
        -5.072401523590088
      ],
      "max_across_sample_logit_std": 14.045472145080566,
      "mean_margin": 18.214271545410156,
      "mean_normalized_entropy": 1.2528455696358963e-06,
      "passed": true
    }
  ],
  "all_steps_pass": false
}
