D:\Abhinav\College\SIH\CYBERMIND_ONE_CLICK_128GB_PORTABLE\CYBERMIND_REAL\.phase01-venv\Lib\site-packages\torch\jit\_script.py:1491: FutureWarning: `torch.jit.script` is deprecated. Please switch to `torch.compile` or `torch.export`.
  warnings.warn(
D:\Abhinav\College\SIH\CYBERMIND_ONE_CLICK_128GB_PORTABLE\CYBERMIND_REAL\src\cybermind\models\temporal_encoder.py:16: UserWarning: enable_nested_tensor is True, but self.use_nested_tensor is False because encoder_layer.norm_first was True
  self.encoder=nn.TransformerEncoder(layer,num_layers=layers,norm=nn.LayerNorm(model_dim))
{
  "checkpoint": "D:\\Abhinav\\College\\SIH\\CYBERMIND_ONE_CLICK_128GB_PORTABLE\\CYBERMIND_REAL\\examples\\phase3_remediation\\normalization_off100\\checkpoints\\combined_last.pt",
  "selected_epoch": 100,
  "selection_metric": "val_f1",
  "device": "cpu",
  "rollout_steps": 4,
  "hard_masks_unchanged": true,
  "declared_forecast_resets": false,
  "transition_summary": {
    "stay_min": -0.0711032822728157,
    "stay_max": 0.020956136286258698,
    "forward_min": -0.04252397269010544,
    "forward_max": 0.036263320595026016,
    "max_absolute": 0.0711032822728157
  },
  "per_step": [
    {
      "step": 1,
      "samples": 25,
      "distinct_non_unknown": 1,
      "unknown_count": 0,
      "illegal_count": 0,
      "decoded_histogram": {
        "0": 25
      },
      "raw_argmax_histogram": {
        "0": 25
      },
      "zero_transition_histogram": {
        "0": 25
      },
      "mean_logits": [
        3.369168281555176,
        2.388953447341919,
        -2.256918430328369,
        -2.486947536468506,
        -2.0929672718048096,
        -2.6718132495880127,
        -3.001154899597168
      ],
      "max_across_sample_logit_std": 0.0002886397996917367,
      "mean_margin": 0.9802148723602295,
      "mean_normalized_entropy": 0.3368254816532135,
      "passed": false
    },
    {
      "step": 2,
      "samples": 25,
      "distinct_non_unknown": 1,
      "unknown_count": 0,
      "illegal_count": 0,
      "decoded_histogram": {
        "0": 25
      },
      "raw_argmax_histogram": {
        "0": 25
      },
      "zero_transition_histogram": {
        "0": 25
      },
      "mean_logits": [
        3.119126558303833,
        2.1274611949920654,
        -2.1592376232147217,
        -2.3559980392456055,
        -1.9152952432632446,
        -2.4606528282165527,
        -2.7204749584198
      ],
      "max_across_sample_logit_std": 0.000332654599333182,
      "mean_margin": 0.9916656494140625,
      "mean_normalized_entropy": 0.3506762933731079,
      "passed": false
    },
    {
      "step": 3,
      "samples": 25,
      "distinct_non_unknown": 1,
      "unknown_count": 0,
      "illegal_count": 0,
      "decoded_histogram": {
        "0": 25
      },
      "raw_argmax_histogram": {
        "0": 25
      },
      "zero_transition_histogram": {
        "0": 25
      },
      "mean_logits": [
        2.8059070110321045,
        1.8315865993499756,
        -2.028991222381592,
        -2.1963562965393066,
        -1.7020684480667114,
        -2.1994574069976807,
        -2.4080002307891846
      ],
      "max_across_sample_logit_std": 0.0003479553561192006,
      "mean_margin": 0.9743206834793091,
      "mean_normalized_entropy": 0.37870959401130677,
      "passed": false
    },
    {
      "step": 4,
      "samples": 25,
      "distinct_non_unknown": 1,
      "unknown_count": 0,
      "illegal_count": 0,
      "decoded_histogram": {
        "0": 25
      },
      "raw_argmax_histogram": {
        "0": 25
      },
      "zero_transition_histogram": {
        "0": 25
      },
      "mean_logits": [
        2.4394869804382324,
        1.5141693353652954,
        -1.8595590591430664,
        -2.0114943981170654,
        -1.4670207500457764,
        -1.9020049571990967,
        -2.079610824584961
      ],
      "max_across_sample_logit_std": 0.00033680928754620254,
      "mean_margin": 0.9253177309036255,
      "mean_normalized_entropy": 0.42839080810546876,
      "passed": false
    }
  ],
  "all_steps_pass": false
}
