D:\Abhinav\College\SIH\CYBERMIND_ONE_CLICK_128GB_PORTABLE\CYBERMIND_REAL\.venv\Lib\site-packages\torch\jit\_script.py:1485: FutureWarning: `torch.jit.script` is not supported in Python 3.14+ and may break. Please switch to `torch.compile` or `torch.export`.
  warnings.warn(
D:\Abhinav\College\SIH\CYBERMIND_ONE_CLICK_128GB_PORTABLE\CYBERMIND_REAL\src\cybermind\models\temporal_encoder.py:16: UserWarning: enable_nested_tensor is True, but self.use_nested_tensor is False because encoder_layer.norm_first was True
  self.encoder=nn.TransformerEncoder(layer,num_layers=layers,norm=nn.LayerNorm(model_dim))
{
  "checkpoint": "D:\\Abhinav\\College\\SIH\\CYBERMIND_ONE_CLICK_128GB_PORTABLE\\CYBERMIND_REAL\\examples\\phase3_root_cause\\crf_weight_zero\\checkpoints\\combined_last.pt",
  "selected_epoch": 2,
  "selection_metric": "val_f1",
  "device": "cuda",
  "rollout_steps": 4,
  "hard_masks_unchanged": true,
  "declared_forecast_resets": false,
  "transition_summary": {
    "stay_min": 0.0,
    "stay_max": 0.0,
    "forward_min": 0.0,
    "forward_max": 0.0,
    "max_absolute": 0.0
  },
  "per_step": [
    {
      "step": 1,
      "samples": 25,
      "distinct_non_unknown": 1,
      "unknown_count": 0,
      "illegal_count": 0,
      "decoded_histogram": {
        "0": 25
      },
      "raw_argmax_histogram": {
        "1": 25
      },
      "zero_transition_histogram": {
        "0": 25
      },
      "mean_logits": [
        0.5184394717216492,
        0.5256292223930359,
        -0.18673501908779144,
        -0.165857195854187,
        -0.052061330527067184,
        -0.33586421608924866,
        -0.26712357997894287
      ],
      "max_across_sample_logit_std": 0.0013850561808794737,
      "mean_margin": 0.007189610004425049,
      "mean_normalized_entropy": 0.9672079157829284,
      "passed": false
    },
    {
      "step": 2,
      "samples": 25,
      "distinct_non_unknown": 1,
      "unknown_count": 0,
      "illegal_count": 0,
      "decoded_histogram": {
        "0": 25
      },
      "raw_argmax_histogram": {
        "0": 25
      },
      "zero_transition_histogram": {
        "0": 25
      },
      "mean_logits": [
        0.5954969525337219,
        0.5274835824966431,
        -0.19867554306983948,
        -0.2382572889328003,
        -0.059271421283483505,
        -0.3188311755657196,
        -0.2944791316986084
      ],
      "max_across_sample_logit_std": 0.0016847699880599976,
      "mean_margin": 0.06801332235336303,
      "mean_normalized_entropy": 0.9613728737831115,
      "passed": false
    },
    {
      "step": 3,
      "samples": 25,
      "distinct_non_unknown": 1,
      "unknown_count": 0,
      "illegal_count": 0,
      "decoded_histogram": {
        "0": 25
      },
      "raw_argmax_histogram": {
        "0": 25
      },
      "zero_transition_histogram": {
        "0": 25
      },
      "mean_logits": [
        0.679472029209137,
        0.51511150598526,
        -0.23440250754356384,
        -0.30059850215911865,
        -0.0566222108900547,
        -0.29909446835517883,
        -0.31664517521858215
      ],
      "max_across_sample_logit_std": 0.0018604705110192299,
      "mean_margin": 0.1643604850769043,
      "mean_normalized_entropy": 0.9545749235153198,
      "passed": false
    },
    {
      "step": 4,
      "samples": 25,
      "distinct_non_unknown": 1,
      "unknown_count": 0,
      "illegal_count": 0,
      "decoded_histogram": {
        "0": 25
      },
      "raw_argmax_histogram": {
        "0": 25
      },
      "zero_transition_histogram": {
        "0": 25
      },
      "mean_logits": [
        0.8026713728904724,
        0.5023864507675171,
        -0.23018082976341248,
        -0.34141460061073303,
        0.004944982938468456,
        -0.27289554476737976,
        -0.3384881615638733
      ],
      "max_across_sample_logit_std": 0.0029049613513052464,
      "mean_margin": 0.30028494358062746,
      "mean_normalized_entropy": 0.94567054271698,
      "passed": false
    }
  ],
  "all_steps_pass": false
}
