D:\Abhinav\College\SIH\CYBERMIND_ONE_CLICK_128GB_PORTABLE\CYBERMIND_REAL\.venv\Lib\site-packages\torch\jit\_script.py:1485: FutureWarning: `torch.jit.script` is not supported in Python 3.14+ and may break. Please switch to `torch.compile` or `torch.export`.
  warnings.warn(
D:\Abhinav\College\SIH\CYBERMIND_ONE_CLICK_128GB_PORTABLE\CYBERMIND_REAL\src\cybermind\models\temporal_encoder.py:16: UserWarning: enable_nested_tensor is True, but self.use_nested_tensor is False because encoder_layer.norm_first was True
  self.encoder=nn.TransformerEncoder(layer,num_layers=layers,norm=nn.LayerNorm(model_dim))
{
  "checkpoint": "D:\\Abhinav\\College\\SIH\\CYBERMIND_ONE_CLICK_128GB_PORTABLE\\CYBERMIND_REAL\\examples\\phase3_root_cause\\crf_weight_zero\\checkpoints\\combined.pt",
  "selected_epoch": 1,
  "selection_metric": "val_f1",
  "device": "cuda",
  "rollout_steps": 4,
  "hard_masks_unchanged": true,
  "declared_forecast_resets": false,
  "transition_summary": {
    "stay_min": 0.0,
    "stay_max": 0.0,
    "forward_min": 0.0,
    "forward_max": 0.0,
    "max_absolute": 0.0
  },
  "per_step": [
    {
      "step": 1,
      "samples": 25,
      "distinct_non_unknown": 1,
      "unknown_count": 0,
      "illegal_count": 0,
      "decoded_histogram": {
        "1": 25
      },
      "raw_argmax_histogram": {
        "1": 25
      },
      "zero_transition_histogram": {
        "1": 25
      },
      "mean_logits": [
        0.29729753732681274,
        0.42980852723121643,
        -0.15611566603183746,
        -0.13372835516929626,
        0.16061769425868988,
        -0.24140861630439758,
        -0.12577886879444122
      ],
      "max_across_sample_logit_std": 0.0017974970396608114,
      "mean_margin": 0.13251100540161131,
      "mean_normalized_entropy": 0.984225652217865,
      "passed": false
    },
    {
      "step": 2,
      "samples": 25,
      "distinct_non_unknown": 1,
      "unknown_count": 0,
      "illegal_count": 0,
      "decoded_histogram": {
        "1": 25
      },
      "raw_argmax_histogram": {
        "1": 25
      },
      "zero_transition_histogram": {
        "1": 25
      },
      "mean_logits": [
        0.40470704436302185,
        0.46543189883232117,
        -0.178908571600914,
        -0.1969817876815796,
        0.2536637783050537,
        -0.27439364790916443,
        -0.1764593869447708
      ],
      "max_across_sample_logit_std": 0.002629099180921912,
      "mean_margin": 0.06072487473487854,
      "mean_normalized_entropy": 0.9769179654121399,
      "passed": false
    },
    {
      "step": 3,
      "samples": 25,
      "distinct_non_unknown": 1,
      "unknown_count": 0,
      "illegal_count": 0,
      "decoded_histogram": {
        "1": 25
      },
      "raw_argmax_histogram": {
        "0": 25
      },
      "zero_transition_histogram": {
        "1": 25
      },
      "mean_logits": [
        0.5463119745254517,
        0.505156397819519,
        -0.20837856829166412,
        -0.25582340359687805,
        0.3643369972705841,
        -0.31372183561325073,
        -0.2378222495317459
      ],
      "max_across_sample_logit_std": 0.003171783173456788,
      "mean_margin": 0.04115559101104736,
      "mean_normalized_entropy": 0.9654489707946777,
      "passed": false
    },
    {
      "step": 4,
      "samples": 25,
      "distinct_non_unknown": 1,
      "unknown_count": 0,
      "illegal_count": 0,
      "decoded_histogram": {
        "1": 25
      },
      "raw_argmax_histogram": {
        "0": 25
      },
      "zero_transition_histogram": {
        "1": 25
      },
      "mean_logits": [
        0.7584859728813171,
        0.5496113300323486,
        -0.1971971094608307,
        -0.3057359755039215,
        0.5024439096450806,
        -0.3426891267299652,
        -0.3112857937812805
      ],
      "max_across_sample_logit_std": 0.003820371115580201,
      "mean_margin": 0.2088746452331543,
      "mean_normalized_entropy": 0.9475844693183899,
      "passed": false
    }
  ],
  "all_steps_pass": false
}
