D:\Abhinav\College\SIH\CYBERMIND_ONE_CLICK_128GB_PORTABLE\CYBERMIND_REAL\.phase01-venv\Lib\site-packages\torch\jit\_script.py:1491: FutureWarning: `torch.jit.script` is deprecated. Please switch to `torch.compile` or `torch.export`.
  warnings.warn(
D:\Abhinav\College\SIH\CYBERMIND_ONE_CLICK_128GB_PORTABLE\CYBERMIND_REAL\src\cybermind\models\temporal_encoder.py:16: UserWarning: enable_nested_tensor is True, but self.use_nested_tensor is False because encoder_layer.norm_first was True
  self.encoder=nn.TransformerEncoder(layer,num_layers=layers,norm=nn.LayerNorm(model_dim))
{
  "checkpoint": "D:\\Abhinav\\College\\SIH\\CYBERMIND_ONE_CLICK_128GB_PORTABLE\\CYBERMIND_REAL\\examples\\phase3_second_escalation\\periodic100\\checkpoints\\combined.pt",
  "selected_epoch": 94,
  "selection_metric": "val_f1",
  "device": "cpu",
  "rollout_steps": 4,
  "hard_masks_unchanged": true,
  "declared_forecast_resets": false,
  "transition_summary": {
    "stay_min": -0.17804203927516937,
    "stay_max": -0.0023475505877286196,
    "forward_min": -0.052230384200811386,
    "forward_max": 0.057882603257894516,
    "max_absolute": 0.17804203927516937
  },
  "per_step": [
    {
      "step": 1,
      "samples": 25,
      "distinct_non_unknown": 1,
      "unknown_count": 0,
      "illegal_count": 0,
      "decoded_histogram": {
        "0": 25
      },
      "raw_argmax_histogram": {
        "0": 25
      },
      "zero_transition_histogram": {
        "0": 25
      },
      "mean_logits": [
        3.542534112930298,
        1.9957836866378784,
        -3.1741700172424316,
        -2.7835962772369385,
        -2.6008646488189697,
        -2.3580074310302734,
        -3.4485137462615967
      ],
      "max_across_sample_logit_std": 0.4229501187801361,
      "mean_margin": 1.5467503595352172,
      "mean_normalized_entropy": 0.26287476360797885,
      "passed": false
    },
    {
      "step": 2,
      "samples": 25,
      "distinct_non_unknown": 1,
      "unknown_count": 0,
      "illegal_count": 0,
      "decoded_histogram": {
        "0": 25
      },
      "raw_argmax_histogram": {
        "0": 25
      },
      "zero_transition_histogram": {
        "0": 25
      },
      "mean_logits": [
        3.4393422603607178,
        1.2539312839508057,
        -2.784665584564209,
        -2.588503122329712,
        -2.2621266841888428,
        -2.1273250579833984,
        -3.1655259132385254
      ],
      "max_across_sample_logit_std": 0.7604742646217346,
      "mean_margin": 2.1854108142852784,
      "mean_normalized_entropy": 0.22086193084716796,
      "passed": false
    },
    {
      "step": 3,
      "samples": 25,
      "distinct_non_unknown": 1,
      "unknown_count": 0,
      "illegal_count": 0,
      "decoded_histogram": {
        "0": 25
      },
      "raw_argmax_histogram": {
        "0": 23,
        "1": 2
      },
      "zero_transition_histogram": {
        "0": 23,
        "1": 2
      },
      "mean_logits": [
        3.2384347915649414,
        0.5530055165290833,
        -2.4060850143432617,
        -2.3454880714416504,
        -1.8968271017074585,
        -1.874131202697754,
        -2.875490665435791
      ],
      "max_across_sample_logit_std": 1.1822155714035034,
      "mean_margin": 2.6928642272949217,
      "mean_normalized_entropy": 0.21715053007006646,
      "passed": false
    },
    {
      "step": 4,
      "samples": 25,
      "distinct_non_unknown": 2,
      "unknown_count": 0,
      "illegal_count": 0,
      "decoded_histogram": {
        "0": 19,
        "1": 6
      },
      "raw_argmax_histogram": {
        "0": 19,
        "1": 6
      },
      "zero_transition_histogram": {
        "0": 19,
        "1": 6
      },
      "mean_logits": [
        2.913083553314209,
        0.1707002818584442,
        -2.1434202194213867,
        -2.1003470420837402,
        -1.596269965171814,
        -1.648242473602295,
        -2.607957124710083
      ],
      "max_across_sample_logit_std": 1.696574330329895,
      "mean_margin": 3.2800094985961916,
      "mean_normalized_entropy": 0.22603576987981797,
      "passed": true
    }
  ],
  "all_steps_pass": false
}
